Lexing: OK
Parsing: OK
Expansion: OK
Type checking: OK

