Lexing: OK
Parsing: Parsing error
Expansion: Parsing error
Type checking: Parsing error

